Tag,Time,Percentage
arbtt, 3m00s,100.00
before_14, 1m00s,33.33
